// Jest Snapshot v1, https://goo.gl/fbAQLP

exports[`actions Actions: basic 1`] = `"<a>first</a> <a>second</a> <a>third</a>"`;
